
> app@0.1.0 build
> next build --webpack

node.exe : [baseline-brows
er-mapping] The data in 
this module is over two 
months old.  To ensure 
accurate Baseline data, 
please update: `npm i base
line-browser-mapping@lates
t -D`
At line:1 char:1
+ & "C:\Program 
Files\nodejs/node.exe" 
"C:\Program 
Files\nodejs/node_mo ...
+ ~~~~~~~~~~~~~~~~~~~~~~~~
~~~~~~~~~~~~~~~~~~~~~~~~~~
~~~~~~~~~~~~~~~~~~~
    + CategoryInfo        
      : NotSpecified: ([  
  baseline-brows...ping   
 @latest -D`:String) [    
], RemoteException
    + FullyQualifiedError 
   Id : NativeCommandErr  
  or
 
   Γû▓ Next.js 16.0.10 (webpack)
   - Environments: .env.local
   - Experiments (use with caution):
     ┬╖ clientTraceMetadata
     ┬╖ optimizePackageImports

 ΓÜá The "middleware" 
file convention is 
deprecated. Please use 
"proxy" instead. Learn 
more: https://nextjs.org/d
ocs/messages/middleware-to
-proxy
   Creating an optimized production build ...
[@sentry/nextjs] 
DEPRECATION WARNING: It 
is recommended renaming 
your 
`sentry.client.config.ts` 
file, or moving its 
content to `instrumentatio
n-client.ts`. When using 
Turbopack 
`sentry.client.config.ts` 
will no longer work. Read 
more about the `instrument
ation-client.ts` file: htt
ps://nextjs.org/docs/app/a
pi-reference/file-conventi
ons/instrumentation-client
