
> app@0.1.0 build
> next build --webpack

node.exe : [baseline-browser-mapping] 
The data in this module is over two 
months old.  To ensure accurate 
Baseline data, please update: `npm i 
baseline-browser-mapping@latest -D`
At line:1 char:1
+ & "C:\Program Files\nodejs/node.exe" 
"C:\Program Files\nodejs/node_mo ...
+ ~~~~~~~~~~~~~~~~~~~~~~~~~~~~~~~~~~~~~
~~~~~~~~~~~~~~~~~~~~~~~~~~~~~~~~
    + CategoryInfo          : NotSpeci 
   fied: ([baseline-brows...ping@late  
  st -D`:String) [], RemoteException
    + FullyQualifiedErrorId : NativeCo 
   mmandError
 
   Γû▓ Next.js 16.0.10 (webpack)
   - Environments: .env.local
   - Experiments (use with caution):
     ┬╖ optimizePackageImports

 ΓÜá The "middleware" file convention 
is deprecated. Please use "proxy" 
instead. Learn more: https://nextjs.org
/docs/messages/middleware-to-proxy
   Creating an optimized production build ...
 Γ£ô Compiled successfully in 17.4s
   Running TypeScript ...
Failed to compile.

.next/dev/types/validator.ts:25:44
Type error: Type 'Route' does not 
satisfy the constraint 'LayoutRoutes'.
  Type 'import("C:/Users/Jen_a/OneDrive
/Documents/Projects/Digital Grimore/Dig
ital-Grimoire/app/.next/dev/types/route
s").LayoutRoutes' is not assignable to 
type 'import("C:/Users/Jen_a/OneDrive/D
ocuments/Projects/Digital Grimore/Digit
al-Grimoire/app/.next/types/routes").La
youtRoutes'.
    Type '"/admin/wiki"' is not 
assignable to type 'LayoutRoutes'.

[0m [90m 23 |[39m
 [90m 24 |[39m type [33mLayoutConfig
[39m[33m<[39m[33mRoute[39m 
[36mextends[39m 
[33mLayoutRoutes[39m [33m=[39m 
[33mLayoutRoutes[39m[33m>[39m 
[33m=[39m {
[31m[1m>[22m[39m[90m 25 |[39m   
[36mdefault[39m[33m:[39m [33mReact
[39m[33m.[39m[33mComponentType[39m
[33m<[39m[33mLayoutProps[39m[33m<
[39m[33mRoute[39m[33m>>[39m 
[33m|[39m ((props[33m:[39m [33mLay
outProps[39m[33m<[39m[33mRoute[39m
[33m>[39m) [33m=>[39m [33mReact[3
9m[33m.[39m[33mReactNode[39m 
[33m|[39m [33mPromise[39m[33m<[39
m[33mReact[39m[33m.[39m[33mReactNo
de[39m[33m>[39m [33m|[39m never 
[33m|[39m [36mvoid[39m [33m|[39m 
[33mPromise[39m[33m<[39m[36mvoid[
39m[33m>[39m)
 [90m    |[39m                       
                     
[31m[1m^[22m[39m
 [90m 26 |[39m   generateStaticParams
[33m?[39m[33m:[39m 
(props[33m:[39m { params[33m:[39m 
[33mParamMap[39m[[33mRoute[39m] }) 
[33m=>[39m [33mPromise[39m[33m<[3
9m[33many[39m[][33m>[39m 
[33m|[39m any[]
 [90m 27 |[39m   
generateMetadata[33m?[39m[33m:[39m 
(
 [90m 28 |[39m     props[33m:[39m 
{ params[33m:[39m [33mPromise[39m[
33m<[39m[33mParamMap[39m[[33mRoute
[39m][33m>[39m } [33m&[39m 
any[33m,[39m[0m
Next.js build worker exited with code: 
1 and signal: null
